type octile
height 128
width 128
map
......@..@...@@@.@..@....@..@....@...............@..........@@....@@..........@...............@....@..@....@..@.@@@...@..@......
..@.....@@..@.................@.........@...@...@.@.@.@..................@.@.@.@...@...@.........@.................@..@@.....@..
...@.@........@..........@@..@.....@@......@...@...@........................@...@...@......@@.....@..@@..........@........@.@...
...............@@....@.@...@............@...@.....@.....@@@....@@....@@@.....@.....@...@............@...@.@....@@...............
..@....@..@................@.......@@@......@........@.......@@@@@@.......@........@......@@@.......@................@..@....@..
.....@@..@.@....@.............@.@...@......@.....@@.@......................@.@@.....@......@...@.@.............@....@.@..@@.....
..@......@....@..@.@.@...@@...@....@...........@@@..@..@..@....@@....@..@..@..@@@...........@....@...@@...@.@.@..@....@......@..
...@@@.@.....@.@....@...@@...@...............@.@....@....@.....@@.....@....@....@.@...............@...@@...@....@.@.....@.@@@...
@@.@...@.....@.....@.....@.............@@@..@...@......@................@......@...@..@@@.............@.....@.....@.....@...@.@@
..........@...@@........@...@...@....@.........@.........@............@.........@.........@....@...@...@........@@...@..........
....@.......@..@..............@.........................@...@@....@@...@.........................@..............@..@.......@....
........@.@@..@............@@.@@@...@....@..@..@.@@.@..@@.@..@.@@.@..@.@@..@.@@.@..@..@....@...@@@.@@............@..@@.@........
.@..@@@...........@..............@...@..........@@@@......@..@....@..@......@@@@..........@...@..............@...........@@@..@.
.@....@...@.....@@.....@....@...@....@.........@..@@@.....@@...@@...@@.....@@@..@.........@....@...@....@.....@@.....@...@....@.
.......@...........@...@...........@@......................................................@@...........@...@...........@.......
.......@@....@....@..@..@..@@.....@.@.......@......@..@@@@....@..@....@@@@..@......@.......@.@.....@@..@..@..@....@....@@.......
.......@.........@.@..@.@........@............@........@...@........@...@........@............@........@.@..@.@.........@.......
...@.............@.............@....@.@......@...@.............@@.............@...@......@.@....@.............@.............@...
..............@@..@@......@..@..................@....@..@....@....@....@..@....@..................@..@......@@..@@..............
@.@....@..@..@.@..@.@@.....................@@...............@@....@@...............@@.....................@@.@..@.@..@..@....@.@
.@.......@..........@.@@........@..@@.....@T@......@.....@............@.....@......@T@.....@@..@........@@.@..........@.......@.
...@..@...@..@...@..@.....@..............@.@.@....@..@....@..........@....@..@....@.@.@..............@.....@..@...@..@...@..@...
........@@............@.....@........@@..................................................@@........@.....@............@@........
..@....@..............@...................@.....@.....@@................@@.....@.....@...................@..............@....@..
....@.@.......@..@.@...........@.......................@.....@@..@@.....@.......................@...........@.@..@.......@.@....
.@.....@@...........@@.@.@.@.@.@@...@..@.@.......@@.........@......@.........@@.......@.@..@...@@.@.@.@.@.@@...........@@.....@.
...@...@.@@....@.........@@...@.....@...................@..@@......@@..@...................@.....@...@@.........@....@@.@...@...
@.@@.@....@.......@.............@..@....@...............@..............@...............@....@..@.............@.......@....@.@@.@
.....@................@@....@.@.......@@........@..@....@.....@..@.....@....@..@........@@.......@.@....@@................@.....
..@@......@.@.@.....@...@@..@.@.....@......................@...@@...@......................@.....@.@..@@...@.....@.@.@......@@..
@@....@...@................@.............@.......@...@...@..@..@@..@..@...@...@.......@.............@................@...@....@@
...................@.@.........@@.....@.....@.....@....@.....@....@.....@....@.....@.....@.....@@.........@.@...................
@.@@....@.@..@.@..@..@..........@......@.@..@..@...@..@..................@..@...@..@..@.@......@..........@..@..@.@..@.@....@@.@
@.....@................@.@.@.....@@.@...@..@.....@..@......................@..@.....@..@...@.@@.....@.@.@................@.....@
.............@..@@...@..@...@@@@.....@..@.......@...@....@@....@@....@@....@...@.......@..@.....@@@@...@..@...@@..@.............
@.@.......@...@..@...........@..@.........@....@..@..@.@................@.@..@..@....@.........@..@...........@..@...@.......@.@
T@@@..@..@...............@......@..........@...@...@.@..@..@@..@@..@@..@..@.@...@...@..........@......@...............@..@..@@@T
T@....@...............@.....@..@..@@......@@...............@@......@@...............@@......@@..@..@.....@...............@....@T
@......@.@@.@..@@.@@@...@.......@......@.........@....@....@........@....@....@.........@......@.......@...@@@.@@..@.@@.@......@
.........@@@........@@...........@.....@....@.@.@....@.@...@........@...@.@....@.@.@....@.....@...........@@........@@@.........
................@.@..@@.....@...@.@.@..@........@...@..........@@..........@...@........@..@.@.@...@.....@@..@.@................
...@..@..@.........@@.....@....@.........@..@...@@@...........@TT@...........@@@...@..@.........@....@.....@@.........@..@..@...
..@.....@...@............@..@......@....@......@.....@@@....@.@TT@.@....@@@.....@......@....@......@..@............@...@.....@..
........@.....@@....@.....@.@.....@.....@.@..@..............@..@@..@..............@..@.@.....@.....@.@.....@....@@.....@........
...@.........@....@................@.@@...........@.....@...@......@...@.....@...........@@.@................@....@.........@...
..@@@......@@..........@@.................@..@...@@..@.......@....@.......@..@@...@..@.................@@..........@@......@@@..
@..@........@..@.@...@....@.......@......@...@...........@............@...........@...@......@.......@....@...@.@..@........@..@
.....@.@.......@.@@......@.....@..@...@......@@@.....@.......@@..@@.......@.....@@@......@...@..@.....@......@@.@.......@.@.....
..@....@...@@....@.@.@@@........@...@.@.......@.....@.....@..........@.....@.....@.......@.@...@........@@@.@.@....@@...@....@..
.............@@.....@@...@.......@@.@....@.@.....@@.@@.......@....@.......@@.@@.....@.@....@.@@.......@...@@.....@@.............
..@.......@......@......@...........@@.@..........@.@@..@..@........@..@..@@.@..........@.@@...........@......@......@.......@..
.....@....@@..@...@...@.......@......@....@..@@....@...@.@............@.@...@....@@..@....@......@.......@...@...@..@@....@.....
..@.......@..@.............@.@@......@@.@...@.........@........@@........@.........@...@.@@......@@.@.............@..@.......@..
@@...@....@.@..@.@..@..@..@.@.@...@@@...@.@......@..@....@....@..@....@....@..@......@.@...@@@...@.@.@..@..@..@.@..@.@....@...@@
.....@.......@.......@..@..........@T@............@.....@.@.@......@.@.@.....@............@T@..........@..@.......@.......@.....
...@....@......@.@...@..@..@.....@@@T@...@.....@..@.@..@...@........@...@..@.@..@.....@...@T@@@.....@..@..@...@.@......@....@...
.....@.....@...@...@@...@...@@..@...@..............@...@...@.@@..@@.@...@...@..............@...@..@@...@...@@...@...@.....@.....
.......@....@.@@...@@.@@........@....@.@.@@@..@....@....@@..@......@..@@....@....@..@@@.@.@....@........@@.@@...@@.@....@.......
......@....@@....@@.@.@....@.@.@..@.@......@...@.....@@..................@@.....@...@......@.@..@.@.@....@.@.@@....@@....@......
.......@@..@...........@....@....@......@..@..@...@.@.@@@......@@......@@@.@.@...@..@..@......@....@....@...........@..@@.......
.@.........@....@..@.....@.........@@..@.....@.....@...@..@..........@..@...@.....@.....@..@@.........@.....@..@....@.........@.
@.@...@...@...@...@@@@@.@..@@....................@.@@...@....@....@....@...@@.@....................@@..@.@@@@@...@...@...@...@.@
@..........@@.....@..@...@........@@.@.@....@..@@..............................@@..@....@.@.@@........@...@..@.....@@..........@
@.@....@...............@........@..@.@@@.............@@.@..............@.@@.............@@@.@..@........@...............@....@.@
@.@....@...............@........@..@.@@@.............@@.@..............@.@@.............@@@.@..@........@...............@....@.@
@..........@@.....@..@...@........@@.@.@....@..@@..............................@@..@....@.@.@@........@...@..@.....@@..........@
@.@...@...@...@...@@@@@.@..@@....................@.@@...@....@....@....@...@@.@....................@@..@.@@@@@...@...@...@...@.@
.@.........@....@..@.....@.........@@..@.....@.....@...@..@..........@..@...@.....@.....@..@@.........@.....@..@....@.........@.
.......@@..@...........@....@....@......@..@..@...@.@.@@@......@@......@@@.@.@...@..@..@......@....@....@...........@..@@.......
......@....@@....@@.@.@....@.@.@..@.@......@...@.....@@..................@@.....@...@......@.@..@.@.@....@.@.@@....@@....@......
.......@....@.@@...@@.@@........@....@.@.@@@..@....@....@@..@......@..@@....@....@..@@@.@.@....@........@@.@@...@@.@....@.......
.....@.....@...@...@@...@...@@..@...@..............@...@...@.@@..@@.@...@...@..............@...@..@@...@...@@...@...@.....@.....
...@....@......@.@...@..@..@.....@@@T@...@.....@..@.@..@...@........@...@..@.@..@.....@...@T@@@.....@..@..@...@.@......@....@...
.....@.......@.......@..@..........@T@............@.....@.@.@......@.@.@.....@............@T@..........@..@.......@.......@.....
@@...@....@.@..@.@..@..@..@.@.@...@@@...@.@......@..@....@....@..@....@....@..@......@.@...@@@...@.@.@..@..@..@.@..@.@....@...@@
..@.......@..@.............@.@@......@@.@...@.........@........@@........@.........@...@.@@......@@.@.............@..@.......@..
.....@....@@..@...@...@.......@......@....@..@@....@...@.@............@.@...@....@@..@....@......@.......@...@...@..@@....@.....
..@.......@......@......@...........@@.@..........@.@@..@..@........@..@..@@.@..........@.@@...........@......@......@.......@..
.............@@.....@@...@.......@@.@....@.@.....@@.@@.......@....@.......@@.@@.....@.@....@.@@.......@...@@.....@@.............
..@....@...@@....@.@.@@@........@...@.@.......@.....@.....@..........@.....@.....@.......@.@...@........@@@.@.@....@@...@....@..
.....@.@.......@.@@......@.....@..@...@......@@@.....@.......@@..@@.......@.....@@@......@...@..@.....@......@@.@.......@.@.....
@..@........@..@.@...@....@.......@......@...@...........@............@...........@...@......@.......@....@...@.@..@........@..@
..@@@......@@..........@@.................@..@...@@..@.......@....@.......@..@@...@..@.................@@..........@@......@@@..
...@.........@....@................@.@@...........@.....@...@......@...@.....@...........@@.@................@....@.........@...
........@.....@@....@.....@.@.....@.....@.@..@..............@..@@..@..............@..@.@.....@.....@.@.....@....@@.....@........
..@.....@...@............@..@......@....@......@.....@@@....@.@TT@.@....@@@.....@......@....@......@..@............@...@.....@..
...@..@..@.........@@.....@....@.........@..@...@@@...........@TT@...........@@@...@..@.........@....@.....@@.........@..@..@...
................@.@..@@.....@...@.@.@..@........@...@..........@@..........@...@........@..@.@.@...@.....@@..@.@................
.........@@@........@@...........@.....@....@.@.@....@.@...@........@...@.@....@.@.@....@.....@...........@@........@@@.........
@......@.@@.@..@@.@@@...@.......@......@.........@....@....@........@....@....@.........@......@.......@...@@@.@@..@.@@.@......@
T@....@...............@.....@..@..@@......@@...............@@......@@...............@@......@@..@..@.....@...............@....@T
T@@@..@..@...............@......@..........@...@...@.@..@..@@..@@..@@..@..@.@...@...@..........@......@...............@..@..@@@T
@.@.......@...@..@...........@..@.........@....@..@..@.@................@.@..@..@....@.........@..@...........@..@...@.......@.@
.............@..@@...@..@...@@@@.....@..@.......@...@....@@....@@....@@....@...@.......@..@.....@@@@...@..@...@@..@.............
@.....@................@.@.@.....@@.@...@..@.....@..@......................@..@.....@..@...@.@@.....@.@.@................@.....@
@.@@....@.@..@.@..@..@..........@......@.@..@..@...@..@..................@..@...@..@..@.@......@..........@..@..@.@..@.@....@@.@
...................@.@.........@@.....@.....@.....@....@.....@....@.....@....@.....@.....@.....@@.........@.@...................
@@....@...@................@.............@.......@...@...@..@..@@..@..@...@...@.......@.............@................@...@....@@
..@@......@.@.@.....@...@@..@.@.....@......................@...@@...@......................@.....@.@..@@...@.....@.@.@......@@..
.....@................@@....@.@.......@@........@..@....@.....@..@.....@....@..@........@@.......@.@....@@................@.....
@.@@.@....@.......@.............@..@....@...............@..............@...............@....@..@.............@.......@....@.@@.@
...@...@.@@....@.........@@...@.....@...................@..@@......@@..@...................@.....@...@@.........@....@@.@...@...
.@.....@@...........@@.@.@.@.@.@@...@..@.@.......@@.........@......@.........@@.......@.@..@...@@.@.@.@.@.@@...........@@.....@.
....@.@.......@..@.@...........@.......................@.....@@..@@.....@.......................@...........@.@..@.......@.@....
..@....@..............@...................@.....@.....@@................@@.....@.....@...................@..............@....@..
........@@............@.....@........@@..................................................@@........@.....@............@@........
...@..@...@..@...@..@.....@..............@.@.@....@..@....@..........@....@..@....@.@.@..............@.....@..@...@..@...@..@...
.@.......@..........@.@@........@..@@.....@T@......@.....@............@.....@......@T@.....@@..@........@@.@..........@.......@.
@.@....@..@..@.@..@.@@.....................@@...............@@....@@...............@@.....................@@.@..@.@..@..@....@.@
..............@@..@@......@..@..................@....@..@....@....@....@..@....@..................@..@......@@..@@..............
...@.............@.............@....@.@......@...@.............@@.............@...@......@.@....@.............@.............@...
.......@.........@.@..@.@........@............@........@...@........@...@........@............@........@.@..@.@.........@.......
.......@@....@....@..@..@..@@.....@.@.......@......@..@@@@....@..@....@@@@..@......@.......@.@.....@@..@..@..@....@....@@.......
.......@...........@...@...........@@......................................................@@...........@...@...........@.......
.@....@...@.....@@.....@....@...@....@.........@..@@@.....@@...@@...@@.....@@@..@.........@....@...@....@.....@@.....@...@....@.
.@..@@@...........@..............@...@..........@@@@......@..@....@..@......@@@@..........@...@..............@...........@@@..@.
........@.@@..@............@@.@@@...@....@..@..@.@@.@..@@.@..@.@@.@..@.@@..@.@@.@..@..@....@...@@@.@@............@..@@.@........
....@.......@..@..............@.........................@...@@....@@...@.........................@..............@..@.......@....
..........@...@@........@...@...@....@.........@.........@............@.........@.........@....@...@...@........@@...@..........
@@.@...@.....@.....@.....@.............@@@..@...@......@................@......@...@..@@@.............@.....@.....@.....@...@.@@
...@@@.@.....@.@....@...@@...@...............@.@....@....@.....@@.....@....@....@.@...............@...@@...@....@.@.....@.@@@...
..@......@....@..@.@.@...@@...@....@...........@@@..@..@..@....@@....@..@..@..@@@...........@....@...@@...@.@.@..@....@......@..
.....@@..@.@....@.............@.@...@......@.....@@.@......................@.@@.....@......@...@.@.............@....@.@..@@.....
..@....@..@................@.......@@@......@........@.......@@@@@@.......@........@......@@@.......@................@..@....@..
...............@@....@.@...@............@...@.....@.....@@@....@@....@@@.....@.....@...@............@...@.@....@@...............
...@.@........@..........@@..@.....@@......@...@...@........................@...@...@......@@.....@..@@..........@........@.@...
..@.....@@..@.................@.........@...@...@.@.@.@..................@.@.@.@...@...@.........@.................@..@@.....@..
......@..@...@@@.@..@....@..@....@...............@..........@@....@@..........@...............@....@..@....@..@.@@@...@..@......
